---
id: "309"
title: "F-GateHeartbeat-1 — reset bashir heartbeat at gate spawn"
goal: "startGate must write a fresh bashir-heartbeat.json (ts=now) when it spawns Bashir, before the heartbeat poll begins. First gate run (2026-05-24 08:05) aborted heartbeat_stale in 30s because the poll read an 8h-old leftover file and SIGTERM'd Bashir before it could write its first heartbeat. The poll handles a missing file but not a stale leftover. One writeJsonAtomic call at spawn fixes it."
from: obrien
to: rom
priority: normal
created: "2026-05-24T08:13:45.537Z"
timeout_min: 25
status: STAGED
---

**Owner:** Worf (commissioner); Rom (executor)
**Why:** The first real gate run (2026-05-24 08:05) aborted with `heartbeat_stale` ~30s after spawning Bashir. Root cause: `startGate` never resets `bridge/state/bashir-heartbeat.json` when it spawns Bashir. The heartbeat poll (orchestrator.js ~line 6185) read a LEFTOVER file from a prior run (`ts: 2026-05-24T00:00:01`, ~8h old), computed age > 90s, and SIGTERM'd Bashir before it ever wrote its first heartbeat. The poll's catch-block handles a *missing* file ("Bashir may not have written it yet") but not a *stale leftover* file. Bashir was killed for a heartbeat it never had the chance to write.

---

## Goal

In `startGate`, write a fresh heartbeat (`{ ts: <now ISO> }`) to `BASHIR_HEARTBEAT_PATH` at the moment Bashir is spawned — before the heartbeat poll loop begins. This starts the staleness clock at spawn, so a stale leftover file can't insta-abort, and Bashir gets the full 90s window to take over writing heartbeats.

---

## Scope

### Change

In `bridge/orchestrator.js`, inside `startGate`, right after Bashir is spawned and before (or at the start of) the heartbeat poll `setInterval` (currently ~line 6184), add:

```js
// Reset heartbeat at spawn so a stale leftover file can't insta-abort the gate.
// Starts the staleness clock at spawn; Bashir has the full window to take over.
try { writeJsonAtomic(BASHIR_HEARTBEAT_PATH, { ts: new Date().toISOString() }); } catch (_) {}
```

Use the existing `writeJsonAtomic` helper (already in scope in orchestrator.js). Place it before the `const heartbeatPoll = setInterval(...)` line so the first poll (+30s) reads the fresh stamp.

### Verify

1. Simulate a stale heartbeat: write `bridge/state/bashir-heartbeat.json` with an old ts (e.g., 1 hour ago) in a test fixture.
2. Invoke the spawn path (or unit-test the reset logic).
3. Assert the heartbeat file's ts is fresh (within a few seconds of now) immediately after spawn.
4. Assert the first poll does NOT abort due to the stale leftover.

---

## Out of scope

- Bashir's own heartbeat-writing cadence during a run (the prompt template already instructs 20-30s writes). If Bashir fails to sustain heartbeats AFTER this reset, that's a separate finding — this slice only fixes the spawn-time reset.
- The `mergeDevToMain` step, gate-pass/fail logic, or any other gate phase.
- The non-gate Bashir path (`invokeBashirNonGate` has its own poll at ~6056 — out of scope unless trivially shared; do NOT expand scope to it unless the fix is a shared helper).

---

## Acceptance criteria

| # | Criterion |
|---|---|
| 1 | `startGate` writes a fresh `{ts: now}` to `BASHIR_HEARTBEAT_PATH` at Bashir spawn, before the heartbeat poll starts. |
| 2 | A stale pre-existing `bashir-heartbeat.json` does NOT cause an immediate `heartbeat_stale` abort. |
| 3 | A test covers: stale leftover file + spawn → heartbeat is fresh, first poll does not abort. |
| 4 | Existing gate tests still pass. |
| 5 | Diff confined to `bridge/orchestrator.js` + the test file. DONE report shows the diff. |

---

## Reference

| Item | Detail |
|---|---|
| Failed gate run | register.jsonl `gate-abort` 2026-05-24T08:05:40, reason heartbeat_stale |
| The buggy poll | `bridge/orchestrator.js` ~line 6185 (gate heartbeat setInterval) |
| Stale file that triggered it | `bridge/state/bashir-heartbeat.json` ts 2026-05-24T00:00:01 (8h old) |
| Constants | `BASHIR_HEARTBEAT_PATH` ~5655, `BASHIR_HEARTBEAT_STALE_MS=90000` ~5660 |
| writeJsonAtomic | already used throughout orchestrator.js |
