---
id: "312"
title: "Freeze the Bashir-lane timer when the gate heartbeat is stale"
goal: "The Ops Post-Build/Bashir lane elapsed timer must stop counting when the gate is not genuinely alive (stale heartbeat or no current_run), instead of running away from a stale current_run.started_ts. Reported live: a long-dead gate showed '137m 08s' and climbing."
from: obrien
to: rom
priority: normal
created: "2026-06-04T10:05:00.000Z"
timeout_min: 25
status: "QUEUED"
---

**Owner:** Garak/O'Brien (commissioner); Rom (executor)
**Why:** A bring-up gate left `branch-state.gate` as `GATE_RUNNING` with a stale `current_run.started_ts` and a stale `bashir-heartbeat.json`. The Ops Bashir lane computes elapsed as `now − started_ts` with no liveness guard, so it displayed **137m and climbing** for a gate that died hours ago. The data was reset by hand, but the **display bug remains**: any orphaned/stale gate makes the timer run away.

---

## Goal

In the Ops dashboard, the Bashir / Post-Build Pipeline lane elapsed timer must **freeze (or hide) when the gate is not genuinely alive** — i.e. when the Bashir heartbeat is stale (> 90s old) or `gate.current_run` is null — rather than counting up indefinitely.

---

## Scope

### Change
- `dashboard/lcars-dashboard.html` — the JS that renders the Bashir / Post-Build lane elapsed value (driven by `branch-state.gate.status` + `gate.current_run.started_ts` + `bashir-heartbeat.json`).
- Only if needed: `dashboard/server.js` if the elapsed/heartbeat-age is computed server-side and served.

### Verify (DONE report should show)
1. With `gate.status === GATE_RUNNING`, `current_run.started_ts` set, and `bashir-heartbeat.json` **stale (> 90s)** → the lane timer is **frozen/hidden** and the existing "heartbeat stale" badge shows; it does NOT increment.
2. With `gate.current_run === null` (or absent) → no running timer.
3. With a **fresh** heartbeat (< 90s) during a real `GATE_RUNNING` → the timer still ticks live and correctly.
4. Other lanes (Nog, Active Build) unaffected.

---

## Out of scope
- The larger dashboard rework to read GitHub-CI status instead of the local `branch-state.gate` (separate effort — the local gate is being retired).
- Clearing orphaned gate state in the orchestrator (separate state-hygiene item).
- Any change to gate behaviour.

---

## Acceptance Criteria

| # | Criterion |
|---|---|
| 1 | When the Bashir heartbeat is stale (> 90s) the Post-Build/Bashir lane elapsed timer freezes or hides — it never counts up from a stale `started_ts`. |
| 2 | When `gate.current_run` is null/absent, no running timer is shown for the lane. |
| 3 | A genuinely live gate (fresh heartbeat) still shows a correct, live elapsed timer. |
| 4 | No regression to the Nog lane or Active Build timer; tokens-only styling (no raw hex added). |
| 5 | DONE report shows the diff and the three timer states (stale → frozen, none → idle, live → ticking). |

---

## Note for Nog
Targeted display fix to a real runaway-timer bug; accept on the criteria above. Asserts on the stale-heartbeat guard, not on gate behaviour.
