---
id: "315"
title: "Memory-safe auto-compaction: PreCompact hook commits role memory before compacting"
goal: "An automatic context compaction will commit the active role's session memory to memory/MEMORY.md before it proceeds, with no manual step."
from: obrien
to: rom
priority: normal
created: "2026-06-15T08:38:32.095Z"
timeout_min: 30
status: STAGED
---

## Context

This session introduced a role-memory system: the `/remember` skill writes durable project facts to `.claude/roles/{role}/memory/MEMORY.md`, the `/compress` skill wraps "remember-then-compact", and every `ROLE.md` carries a mandatory Memory Protocol. Those are the *behavioral* layer — they only fire when the model or user invokes them.

This slice adds the *hard* layer: a `PreCompact` hook that catches **automatic** compaction (the silent ~90%-context auto-compact the model never sees coming) and commits the active role's memory **before** compaction proceeds. The active role is discoverable: `bridge/role-conversations.json` maps each role to its `session_id`, and the PreCompact hook payload includes `session_id`.

## Tasks

1. Create `scripts/precompact-remember.js` (Node, no new dependencies). It reads the PreCompact hook JSON from stdin (fields include `session_id`, `transcript_path`, `trigger` = "manual"|"auto", `cwd`) and:
   - Looks up the active role in `bridge/role-conversations.json` by matching `.session_id` to the payload's `session_id`. If no match (or `session_id` absent), it is a **no-op**: exit 0 so compaction proceeds.
   - Resolves the target memory file `.claude/roles/{role}/memory/MEMORY.md`, creating the `memory/` dir and file (from the template in `.claude/skills/remember/SKILL.md`) if absent. Exception: role `rom` has no `memory/MEMORY.md` — its slot is `.claude/roles/rom/CRAFT.md`; for `rom`, target `CRAFT.md`, or skip if that is cleaner. Document the choice.
   - Invokes the implementor headlessly (`claude -p`) to run the remember procedure against `transcript_path`, writing durable project facts into the target file. **Embed the extraction instructions inline in the prompt** (do not depend on reading `SKILL.md` at runtime) so the hook is self-contained. Cap the headless run (`--max-turns` or equivalent) to prevent runaway cost or recursion.
2. Make the script bulletproof against blocking a session:
   - Hard timeout (default 120s, configurable via env). On timeout/error/any exception → log and **exit 0**. The hook must NEVER block compaction indefinitely and must NEVER exit non-zero in a way that aborts the user's session.
   - Kill-switch: if `DS9_PRECOMPACT_DISABLE=1` is set, no-op exit 0.
   - Debounce: if a run for this `session_id` completed less than N seconds ago (default 60s), skip to avoid double-extraction on back-to-back compactions.
3. Append an audit line per invocation to `bridge/precompact.log`: `{ts, session_id, role, trigger, outcome}` where outcome ∈ {written, skipped-unknown-session, skipped-debounce, skipped-disabled, timeout, error}.
4. Wire the hook in `.claude/settings.json` under `hooks.PreCompact` (matcher covering both "manual" and "auto" triggers) to run `node scripts/precompact-remember.js`. The change must be **additive** — preserve any existing settings, keep the JSON valid.
5. In the DONE report, document: how to test the script with a sample stdin payload, the `rom`/`CRAFT.md` decision, the env knobs (`DS9_PRECOMPACT_DISABLE`, timeout, debounce), and the recursion/cost guard.

## Success criteria

- `scripts/precompact-remember.js` exists and exits 0 on every path: role matched, role missing, `session_id` absent, timeout, error, disabled, debounced.
- Given a stdin payload whose `session_id` matches an entry in `bridge/role-conversations.json`, the script resolves the correct `.claude/roles/{role}/memory/MEMORY.md` target (verified without needing a live `claude -p` call — e.g. a dry-run/`--no-exec` mode or unit check).
- `.claude/settings.json` contains a valid `hooks.PreCompact` entry invoking the script; pre-existing settings are intact; the file parses as JSON.
- The hook cannot block compaction beyond the configured timeout, and `DS9_PRECOMPACT_DISABLE=1` cleanly disables it.
- Unknown/missing `session_id` → no-op, exit 0, audit line `skipped-unknown-session`.
- `bridge/precompact.log` receives one well-formed line per invocation.

## Notes

- **Dependency / sequencing:** the behavioral layer from this session (the `/remember` and `/compress` skills, the per-role Memory Protocol edits, and `.claude/roles/obrien/memory/MEMORY.md`) currently lives **uncommitted** in the `dev` working tree. For this slice's branch to build on a consistent foundation, those `.claude/` changes should be committed first. The hook script itself is designed to be self-contained (instructions embedded inline), so it does not hard-depend on `SKILL.md` at runtime — but the `memory/MEMORY.md` path convention must hold.
- Branch: default `slice/NNN-precompact-memory-hook`.
- Keep it dependency-free and resilient. A broken PreCompact hook degrades every session's compaction, so failure-safety (always exit 0) outranks completeness of extraction.
